// Jest Snapshot v1, https://goo.gl/fbAQLP

exports[`Mars Component Matches the snapshot 1`] = `
<DocumentFragment>
  <section
    class="mars"
    id="mars"
  >
    <ul
      class="mars mars__grid"
    >
      <li
        class="mars__grid-item "
      >
        <div
          class="coordinates"
        >
          ( 0 , 5 )
        </div>
      </li>
      <li
        class="mars__grid-item "
      >
        <div
          class="coordinates"
        >
          ( 1 , 5 )
        </div>
      </li>
      <li
        class="mars__grid-item "
      >
        <div
          class="coordinates"
        >
          ( 2 , 5 )
        </div>
      </li>
      <li
        class="mars__grid-item "
      >
        <div
          class="coordinates"
        >
          ( 3 , 5 )
        </div>
      </li>
      <li
        class="mars__grid-item "
      >
        <div
          class="coordinates"
        >
          ( 4 , 5 )
        </div>
      </li>
      <li
        class="mars__grid-item "
      >
        <div
          class="coordinates"
        >
          ( 5 , 5 )
        </div>
      </li>
      <li
        class="mars__grid-item "
      >
        <div
          class="coordinates"
        >
          ( 0 , 4 )
        </div>
      </li>
      <li
        class="mars__grid-item "
      >
        <div
          class="coordinates"
        >
          ( 1 , 4 )
        </div>
      </li>
      <li
        class="mars__grid-item "
      >
        <div
          class="coordinates"
        >
          ( 2 , 4 )
        </div>
      </li>
      <li
        class="mars__grid-item "
      >
        <div
          class="coordinates"
        >
          ( 3 , 4 )
        </div>
      </li>
      <li
        class="mars__grid-item "
      >
        <div
          class="coordinates"
        >
          ( 4 , 4 )
        </div>
      </li>
      <li
        class="mars__grid-item "
      >
        <div
          class="coordinates"
        >
          ( 5 , 4 )
        </div>
      </li>
      <li
        class="mars__grid-item "
      >
        <div
          class="coordinates"
        >
          ( 0 , 3 )
        </div>
      </li>
      <li
        class="mars__grid-item "
      >
        <div
          class="coordinates"
        >
          ( 1 , 3 )
        </div>
      </li>
      <li
        class="mars__grid-item "
      >
        <div
          class="coordinates"
        >
          ( 2 , 3 )
        </div>
      </li>
      <li
        class="mars__grid-item "
      >
        <div
          class="coordinates"
        >
          ( 3 , 3 )
        </div>
      </li>
      <li
        class="mars__grid-item "
      >
        <div
          class="coordinates"
        >
          ( 4 , 3 )
        </div>
      </li>
      <li
        class="mars__grid-item "
      >
        <div
          class="coordinates"
        >
          ( 5 , 3 )
        </div>
      </li>
      <li
        class="mars__grid-item "
      >
        <div
          class="coordinates"
        >
          ( 0 , 2 )
        </div>
      </li>
      <li
        class="mars__grid-item "
      >
        <div
          class="coordinates"
        >
          ( 1 , 2 )
        </div>
      </li>
      <li
        class="mars__grid-item "
      >
        <div
          class="coordinates"
        >
          ( 2 , 2 )
        </div>
      </li>
      <li
        class="mars__grid-item "
      >
        <div
          class="coordinates"
        >
          ( 3 , 2 )
        </div>
      </li>
      <li
        class="mars__grid-item "
      >
        <div
          class="coordinates"
        >
          ( 4 , 2 )
        </div>
      </li>
      <li
        class="mars__grid-item "
      >
        <div
          class="coordinates"
        >
          ( 5 , 2 )
        </div>
      </li>
      <li
        class="mars__grid-item "
      >
        <div
          class="coordinates"
        >
          ( 0 , 1 )
        </div>
      </li>
      <li
        class="mars__grid-item "
      >
        <div
          class="coordinates"
        >
          ( 1 , 1 )
        </div>
      </li>
      <li
        class="mars__grid-item "
      >
        <div
          class="coordinates"
        >
          ( 2 , 1 )
        </div>
      </li>
      <li
        class="mars__grid-item "
      >
        <div
          class="coordinates"
        >
          ( 3 , 1 )
        </div>
      </li>
      <li
        class="mars__grid-item "
      >
        <div
          class="coordinates"
        >
          ( 4 , 1 )
        </div>
      </li>
      <li
        class="mars__grid-item "
      >
        <div
          class="coordinates"
        >
          ( 5 , 1 )
        </div>
      </li>
      <li
        class="mars__grid-item mars__grid-item--active"
      >
        <div
          class="coordinates"
        >
          ( 0 , 0 )
        </div>
        <img
          class="rover-face rover-face--N"
          src="chevron-right.svg"
        />
      </li>
      <li
        class="mars__grid-item "
      >
        <div
          class="coordinates"
        >
          ( 1 , 0 )
        </div>
      </li>
      <li
        class="mars__grid-item "
      >
        <div
          class="coordinates"
        >
          ( 2 , 0 )
        </div>
      </li>
      <li
        class="mars__grid-item "
      >
        <div
          class="coordinates"
        >
          ( 3 , 0 )
        </div>
      </li>
      <li
        class="mars__grid-item "
      >
        <div
          class="coordinates"
        >
          ( 4 , 0 )
        </div>
      </li>
      <li
        class="mars__grid-item "
      >
        <div
          class="coordinates"
        >
          ( 5 , 0 )
        </div>
      </li>
    </ul>
  </section>
</DocumentFragment>
`;
